// Jest Snapshot v1, https://goo.gl/fbAQLP

exports[`SideScroll Should match snapshot 1`] = `
ShallowWrapper {
  Symbol(enzyme.__root__): [Circular],
  Symbol(enzyme.__unrendered__): <SideScroll
    episodeData={
      Object {
        "opening_crawl": "Opening crawl text here",
        "release_date": "1977-05-25",
        "title": "A New Hope",
      }
    }
  />,
  Symbol(enzyme.__renderer__): Object {
    "batchedUpdates": [Function],
    "getNode": [Function],
    "render": [Function],
    "simulateError": [Function],
    "simulateEvent": [Function],
    "unmount": [Function],
  },
  Symbol(enzyme.__node__): Object {
    "instance": null,
    "key": undefined,
    "nodeType": "host",
    "props": Object {
      "children": <div
        className="scroll"
      >
        <p
          className="scrollText"
        >
          Opening crawl text here
        </p>
        <p
          className="scrollText"
        >
          A New Hope
        </p>
        <p
          className="scrollText"
        >
          1977-05-25
        </p>
      </div>,
      "className": "SideScroll",
    },
    "ref": null,
    "rendered": Object {
      "instance": null,
      "key": undefined,
      "nodeType": "host",
      "props": Object {
        "children": Array [
          <p
            className="scrollText"
          >
            Opening crawl text here
          </p>,
          <p
            className="scrollText"
          >
            A New Hope
          </p>,
          <p
            className="scrollText"
          >
            1977-05-25
          </p>,
        ],
        "className": "scroll",
      },
      "ref": null,
      "rendered": Array [
        Object {
          "instance": null,
          "key": undefined,
          "nodeType": "host",
          "props": Object {
            "children": "Opening crawl text here",
            "className": "scrollText",
          },
          "ref": null,
          "rendered": "Opening crawl text here",
          "type": "p",
        },
        Object {
          "instance": null,
          "key": undefined,
          "nodeType": "host",
          "props": Object {
            "children": "A New Hope",
            "className": "scrollText",
          },
          "ref": null,
          "rendered": "A New Hope",
          "type": "p",
        },
        Object {
          "instance": null,
          "key": undefined,
          "nodeType": "host",
          "props": Object {
            "children": "1977-05-25",
            "className": "scrollText",
          },
          "ref": null,
          "rendered": "1977-05-25",
          "type": "p",
        },
      ],
      "type": "div",
    },
    "type": "div",
  },
  Symbol(enzyme.__nodes__): Array [
    Object {
      "instance": null,
      "key": undefined,
      "nodeType": "host",
      "props": Object {
        "children": <div
          className="scroll"
        >
          <p
            className="scrollText"
          >
            Opening crawl text here
          </p>
          <p
            className="scrollText"
          >
            A New Hope
          </p>
          <p
            className="scrollText"
          >
            1977-05-25
          </p>
        </div>,
        "className": "SideScroll",
      },
      "ref": null,
      "rendered": Object {
        "instance": null,
        "key": undefined,
        "nodeType": "host",
        "props": Object {
          "children": Array [
            <p
              className="scrollText"
            >
              Opening crawl text here
            </p>,
            <p
              className="scrollText"
            >
              A New Hope
            </p>,
            <p
              className="scrollText"
            >
              1977-05-25
            </p>,
          ],
          "className": "scroll",
        },
        "ref": null,
        "rendered": Array [
          Object {
            "instance": null,
            "key": undefined,
            "nodeType": "host",
            "props": Object {
              "children": "Opening crawl text here",
              "className": "scrollText",
            },
            "ref": null,
            "rendered": "Opening crawl text here",
            "type": "p",
          },
          Object {
            "instance": null,
            "key": undefined,
            "nodeType": "host",
            "props": Object {
              "children": "A New Hope",
              "className": "scrollText",
            },
            "ref": null,
            "rendered": "A New Hope",
            "type": "p",
          },
          Object {
            "instance": null,
            "key": undefined,
            "nodeType": "host",
            "props": Object {
              "children": "1977-05-25",
              "className": "scrollText",
            },
            "ref": null,
            "rendered": "1977-05-25",
            "type": "p",
          },
        ],
        "type": "div",
      },
      "type": "div",
    },
  ],
  Symbol(enzyme.__options__): Object {
    "adapter": ReactSixteenAdapter {
      "options": Object {
        "enableComponentDidUpdateOnSetState": true,
        "lifecycles": Object {
          "componentDidUpdate": Object {
            "onSetState": true,
          },
          "getDerivedStateFromProps": true,
          "getSnapshotBeforeUpdate": true,
          "setState": Object {
            "skipsComponentDidUpdateOnNullish": true,
          },
        },
      },
    },
  },
}
`;
