// Jest Snapshot v1, https://goo.gl/fbAQLP

exports[`Card Renders like snapshot 1`] = `
ShallowWrapper {
  Symbol(enzyme.__root__): [Circular],
  Symbol(enzyme.__unrendered__): <Card
    cardData={
      Object {
        "name": "Yoda",
      }
    }
    handleCardClick={[MockFunction]}
  />,
  Symbol(enzyme.__renderer__): Object {
    "batchedUpdates": [Function],
    "getNode": [Function],
    "render": [Function],
    "simulateError": [Function],
    "simulateEvent": [Function],
    "unmount": [Function],
  },
  Symbol(enzyme.__node__): Object {
    "instance": null,
    "key": undefined,
    "nodeType": "host",
    "props": Object {
      "children": Array [
        <h2
          className="name"
        >
          Yoda
          <span
            className="favoriteIcon"
            onClick={[Function]}
          >
            $
          </span>
        </h2>,
        <ul />,
      ],
      "className": "Card",
    },
    "ref": null,
    "rendered": Array [
      Object {
        "instance": null,
        "key": undefined,
        "nodeType": "host",
        "props": Object {
          "children": Array [
            "Yoda",
            <span
              className="favoriteIcon"
              onClick={[Function]}
            >
              $
            </span>,
          ],
          "className": "name",
        },
        "ref": null,
        "rendered": Array [
          "Yoda",
          Object {
            "instance": null,
            "key": undefined,
            "nodeType": "host",
            "props": Object {
              "children": "$",
              "className": "favoriteIcon",
              "onClick": [Function],
            },
            "ref": null,
            "rendered": "$",
            "type": "span",
          },
        ],
        "type": "h2",
      },
      Object {
        "instance": null,
        "key": undefined,
        "nodeType": "host",
        "props": Object {
          "children": Array [
            undefined,
          ],
        },
        "ref": null,
        "rendered": Array [
          undefined,
        ],
        "type": "ul",
      },
    ],
    "type": "div",
  },
  Symbol(enzyme.__nodes__): Array [
    Object {
      "instance": null,
      "key": undefined,
      "nodeType": "host",
      "props": Object {
        "children": Array [
          <h2
            className="name"
          >
            Yoda
            <span
              className="favoriteIcon"
              onClick={[Function]}
            >
              $
            </span>
          </h2>,
          <ul />,
        ],
        "className": "Card",
      },
      "ref": null,
      "rendered": Array [
        Object {
          "instance": null,
          "key": undefined,
          "nodeType": "host",
          "props": Object {
            "children": Array [
              "Yoda",
              <span
                className="favoriteIcon"
                onClick={[Function]}
              >
                $
              </span>,
            ],
            "className": "name",
          },
          "ref": null,
          "rendered": Array [
            "Yoda",
            Object {
              "instance": null,
              "key": undefined,
              "nodeType": "host",
              "props": Object {
                "children": "$",
                "className": "favoriteIcon",
                "onClick": [Function],
              },
              "ref": null,
              "rendered": "$",
              "type": "span",
            },
          ],
          "type": "h2",
        },
        Object {
          "instance": null,
          "key": undefined,
          "nodeType": "host",
          "props": Object {
            "children": Array [
              undefined,
            ],
          },
          "ref": null,
          "rendered": Array [
            undefined,
          ],
          "type": "ul",
        },
      ],
      "type": "div",
    },
  ],
  Symbol(enzyme.__options__): Object {
    "adapter": ReactSixteenAdapter {
      "options": Object {
        "enableComponentDidUpdateOnSetState": true,
        "lifecycles": Object {
          "componentDidUpdate": Object {
            "onSetState": true,
          },
          "getDerivedStateFromProps": true,
          "getSnapshotBeforeUpdate": true,
          "setState": Object {
            "skipsComponentDidUpdateOnNullish": true,
          },
        },
      },
    },
  },
}
`;
