// Jest Snapshot v1, https://goo.gl/fbAQLP

exports[`Buttons Rendering Renders like snapshot 1`] = `
ShallowWrapper {
  Symbol(enzyme.__root__): [Circular],
  Symbol(enzyme.__unrendered__): <Buttons
    selectedCategory="planets"
    updateData={[MockFunction]}
  />,
  Symbol(enzyme.__renderer__): Object {
    "batchedUpdates": [Function],
    "getNode": [Function],
    "render": [Function],
    "simulateError": [Function],
    "simulateEvent": [Function],
    "unmount": [Function],
  },
  Symbol(enzyme.__node__): Object {
    "instance": null,
    "key": undefined,
    "nodeType": "host",
    "props": Object {
      "children": Array [
        <NavLink
          activeClassName="active"
          aria-current="page"
          className="people"
          onClick={[Function]}
          to="/people"
        >
          people
        </NavLink>,
        <NavLink
          activeClassName="active"
          aria-current="page"
          className="planets"
          onClick={[Function]}
          to="/planets"
        >
          planets
        </NavLink>,
        <NavLink
          activeClassName="active"
          aria-current="page"
          className="vehicles"
          onClick={[Function]}
          to="/vehicles"
        >
          vehicles
        </NavLink>,
      ],
      "className": "Buttons",
    },
    "ref": null,
    "rendered": Array [
      Object {
        "instance": null,
        "key": undefined,
        "nodeType": "function",
        "props": Object {
          "activeClassName": "active",
          "aria-current": "page",
          "children": "people",
          "className": "people",
          "onClick": [Function],
          "to": "/people",
        },
        "ref": null,
        "rendered": "people",
        "type": [Function],
      },
      Object {
        "instance": null,
        "key": undefined,
        "nodeType": "function",
        "props": Object {
          "activeClassName": "active",
          "aria-current": "page",
          "children": "planets",
          "className": "planets",
          "onClick": [Function],
          "to": "/planets",
        },
        "ref": null,
        "rendered": "planets",
        "type": [Function],
      },
      Object {
        "instance": null,
        "key": undefined,
        "nodeType": "function",
        "props": Object {
          "activeClassName": "active",
          "aria-current": "page",
          "children": "vehicles",
          "className": "vehicles",
          "onClick": [Function],
          "to": "/vehicles",
        },
        "ref": null,
        "rendered": "vehicles",
        "type": [Function],
      },
    ],
    "type": "div",
  },
  Symbol(enzyme.__nodes__): Array [
    Object {
      "instance": null,
      "key": undefined,
      "nodeType": "host",
      "props": Object {
        "children": Array [
          <NavLink
            activeClassName="active"
            aria-current="page"
            className="people"
            onClick={[Function]}
            to="/people"
          >
            people
          </NavLink>,
          <NavLink
            activeClassName="active"
            aria-current="page"
            className="planets"
            onClick={[Function]}
            to="/planets"
          >
            planets
          </NavLink>,
          <NavLink
            activeClassName="active"
            aria-current="page"
            className="vehicles"
            onClick={[Function]}
            to="/vehicles"
          >
            vehicles
          </NavLink>,
        ],
        "className": "Buttons",
      },
      "ref": null,
      "rendered": Array [
        Object {
          "instance": null,
          "key": undefined,
          "nodeType": "function",
          "props": Object {
            "activeClassName": "active",
            "aria-current": "page",
            "children": "people",
            "className": "people",
            "onClick": [Function],
            "to": "/people",
          },
          "ref": null,
          "rendered": "people",
          "type": [Function],
        },
        Object {
          "instance": null,
          "key": undefined,
          "nodeType": "function",
          "props": Object {
            "activeClassName": "active",
            "aria-current": "page",
            "children": "planets",
            "className": "planets",
            "onClick": [Function],
            "to": "/planets",
          },
          "ref": null,
          "rendered": "planets",
          "type": [Function],
        },
        Object {
          "instance": null,
          "key": undefined,
          "nodeType": "function",
          "props": Object {
            "activeClassName": "active",
            "aria-current": "page",
            "children": "vehicles",
            "className": "vehicles",
            "onClick": [Function],
            "to": "/vehicles",
          },
          "ref": null,
          "rendered": "vehicles",
          "type": [Function],
        },
      ],
      "type": "div",
    },
  ],
  Symbol(enzyme.__options__): Object {
    "adapter": ReactSixteenAdapter {
      "options": Object {
        "enableComponentDidUpdateOnSetState": true,
        "lifecycles": Object {
          "componentDidUpdate": Object {
            "onSetState": true,
          },
          "getDerivedStateFromProps": true,
          "getSnapshotBeforeUpdate": true,
          "setState": Object {
            "skipsComponentDidUpdateOnNullish": true,
          },
        },
      },
    },
  },
}
`;
